// Jest Snapshot v1, https://goo.gl/fbAQLP

exports[`App Component renders correctly when authenticated 1`] = `
<Text
  testID="not-found-component"
>
  Error loading user type. Please try again
</Text>
`;

exports[`App Component renders correctly when not authenticated 1`] = `
<Text
  testID="guest-navigator"
/>
`;
